[2026-10-06 17:12:36] 数据文件：D:\FeverApps\养老政策站\data\policies.json（3 条政策，版本 2026-10-06T14:30:00）
[2026-10-06 17:12:37] 服务已启动：http://127.0.0.1:8765/health
[2026-10-06 17:12:37] 接口：/policies  /crawl  /health
[2026-10-06 17:12:37] 来源 中国政府网·政策文件库（养老服务消费补贴） 抓取失败（已忽略）：<urlopen error [SSL: CERTIFICATE_VERIFY_FAILED] certificate verify failed: self-signed certificate in certificate chain (_ssl.c:1082)>
[2026-10-06 17:12:37] 来源 中国政府网·政策文件库（适老化改造补贴） 抓取失败（已忽略）：<urlopen error [SSL: CERTIFICATE_VERIFY_FAILED] certificate verify failed: self-signed certificate in certificate chain (_ssl.c:1082)>
[2026-10-06 17:12:37] 来源 中国政府网·政策文件库（高龄津贴） 抓取失败（已忽略）：<urlopen error [SSL: CERTIFICATE_VERIFY_FAILED] certificate verify failed: self-signed certificate in certificate chain (_ssl.c:1082)>
[2026-10-06 17:12:37] 来源 民政部官网（养老服务司公告） 抓取失败（已忽略）：<urlopen error [SSL: CERTIFICATE_VERIFY_FAILED] certificate verify failed: self-signed certificate in certificate chain (_ssl.c:1082)>
[2026-10-06 17:12:37] 未发现新政策，版本保持不变
[2026-10-06 17:12:37] HTTP "GET /policies HTTP/1.1" 200 -
[2026-10-06 17:13:00] HTTP "GET /policies HTTP/1.1" 200 -
[2026-10-06 17:15:00] HTTP "GET /policies HTTP/1.1" 200 -
[2026-10-06 17:42:12] 来源 中国政府网·政策文件库（养老服务消费补贴） 抓取失败（已忽略）：<urlopen error [SSL: CERTIFICATE_VERIFY_FAILED] certificate verify failed: self-signed certificate in certificate chain (_ssl.c:1082)>
[2026-10-06 17:42:12] 来源 中国政府网·政策文件库（适老化改造补贴） 抓取失败（已忽略）：<urlopen error [SSL: CERTIFICATE_VERIFY_FAILED] certificate verify failed: self-signed certificate in certificate chain (_ssl.c:1082)>
[2026-10-06 17:42:12] 来源 中国政府网·政策文件库（高龄津贴） 抓取失败（已忽略）：<urlopen error [SSL: CERTIFICATE_VERIFY_FAILED] certificate verify failed: self-signed certificate in certificate chain (_ssl.c:1082)>
[2026-10-06 17:42:13] 来源 民政部官网（养老服务司公告） 抓取失败（已忽略）：<urlopen error [SSL: CERTIFICATE_VERIFY_FAILED] certificate verify failed: self-signed certificate in certificate chain (_ssl.c:1082)>
[2026-10-06 17:42:13] 未发现新政策，版本保持不变
[2026-10-06 17:42:13] HTTP "GET /policies HTTP/1.1" 200 -
[2026-10-06 17:42:37] 来源 中国政府网·政策文件库（养老服务消费补贴） 抓取失败（已忽略）：<urlopen error [SSL: CERTIFICATE_VERIFY_FAILED] certificate verify failed: self-signed certificate in certificate chain (_ssl.c:1082)>
[2026-10-06 17:42:37] 来源 中国政府网·政策文件库（适老化改造补贴） 抓取失败（已忽略）：<urlopen error [SSL: CERTIFICATE_VERIFY_FAILED] certificate verify failed: self-signed certificate in certificate chain (_ssl.c:1082)>
[2026-10-06 17:42:37] 来源 中国政府网·政策文件库（高龄津贴） 抓取失败（已忽略）：<urlopen error [SSL: CERTIFICATE_VERIFY_FAILED] certificate verify failed: self-signed certificate in certificate chain (_ssl.c:1082)>
[2026-10-06 17:42:37] 来源 民政部官网（养老服务司公告） 抓取失败（已忽略）：<urlopen error [SSL: CERTIFICATE_VERIFY_FAILED] certificate verify failed: self-signed certificate in certificate chain (_ssl.c:1082)>
[2026-10-06 17:42:37] 未发现新政策，版本保持不变
[2026-10-06 17:46:49] HTTP "GET /policies HTTP/1.1" 200 -
[2026-10-06 18:01:06] 来源 中国政府网·政策文件库（养老服务消费补贴） 抓取失败（已忽略）：<urlopen error [SSL: CERTIFICATE_VERIFY_FAILED] certificate verify failed: self-signed certificate in certificate chain (_ssl.c:1082)>
[2026-10-06 18:01:06] 来源 中国政府网·政策文件库（适老化改造补贴） 抓取失败（已忽略）：<urlopen error [SSL: CERTIFICATE_VERIFY_FAILED] certificate verify failed: self-signed certificate in certificate chain (_ssl.c:1082)>
[2026-10-06 18:01:06] 来源 中国政府网·政策文件库（高龄津贴） 抓取失败（已忽略）：<urlopen error [SSL: CERTIFICATE_VERIFY_FAILED] certificate verify failed: self-signed certificate in certificate chain (_ssl.c:1082)>
[2026-10-06 18:01:06] 来源 民政部官网（养老服务司公告） 抓取失败（已忽略）：<urlopen error [SSL: CERTIFICATE_VERIFY_FAILED] certificate verify failed: self-signed certificate in certificate chain (_ssl.c:1082)>
[2026-10-06 18:01:06] 未发现新政策，版本保持不变
[2026-10-06 18:01:06] HTTP "GET /policies HTTP/1.1" 200 -
[2026-10-06 18:01:18] HTTP "GET /policies HTTP/1.1" 200 -
[2026-10-06 18:11:51] 来源 中国政府网·政策文件库（养老服务消费补贴） 抓取失败（已忽略）：<urlopen error [SSL: CERTIFICATE_VERIFY_FAILED] certificate verify failed: self-signed certificate in certificate chain (_ssl.c:1082)>
[2026-10-06 18:11:51] 来源 中国政府网·政策文件库（适老化改造补贴） 抓取失败（已忽略）：<urlopen error [SSL: CERTIFICATE_VERIFY_FAILED] certificate verify failed: self-signed certificate in certificate chain (_ssl.c:1082)>
[2026-10-06 18:11:52] 来源 中国政府网·政策文件库（高龄津贴） 抓取失败（已忽略）：<urlopen error [SSL: CERTIFICATE_VERIFY_FAILED] certificate verify failed: self-signed certificate in certificate chain (_ssl.c:1082)>
[2026-10-06 18:11:52] 来源 民政部官网（养老服务司公告） 抓取失败（已忽略）：<urlopen error [SSL: CERTIFICATE_VERIFY_FAILED] certificate verify failed: self-signed certificate in certificate chain (_ssl.c:1082)>
[2026-10-06 18:11:52] 未发现新政策，版本保持不变
[2026-10-06 18:11:52] HTTP "GET /policies HTTP/1.1" 200 -
[2026-10-06 18:12:37] 来源 中国政府网·政策文件库（养老服务消费补贴） 抓取失败（已忽略）：<urlopen error [SSL: CERTIFICATE_VERIFY_FAILED] certificate verify failed: self-signed certificate in certificate chain (_ssl.c:1082)>
[2026-10-06 18:12:37] 来源 中国政府网·政策文件库（适老化改造补贴） 抓取失败（已忽略）：<urlopen error [SSL: CERTIFICATE_VERIFY_FAILED] certificate verify failed: self-signed certificate in certificate chain (_ssl.c:1082)>
[2026-10-06 18:12:37] 来源 中国政府网·政策文件库（高龄津贴） 抓取失败（已忽略）：<urlopen error [SSL: CERTIFICATE_VERIFY_FAILED] certificate verify failed: self-signed certificate in certificate chain (_ssl.c:1082)>
[2026-10-06 18:12:37] 来源 民政部官网（养老服务司公告） 抓取失败（已忽略）：<urlopen error [SSL: CERTIFICATE_VERIFY_FAILED] certificate verify failed: self-signed certificate in certificate chain (_ssl.c:1082)>
[2026-10-06 18:12:37] 未发现新政策，版本保持不变
[2026-10-06 18:19:43] HTTP "GET /policies HTTP/1.1" 200 -
[2026-10-06 18:36:10] 来源 中国政府网·政策文件库（养老服务消费补贴） 抓取失败（已忽略）：<urlopen error [SSL: CERTIFICATE_VERIFY_FAILED] certificate verify failed: self-signed certificate in certificate chain (_ssl.c:1082)>
[2026-10-06 18:36:10] 来源 中国政府网·政策文件库（适老化改造补贴） 抓取失败（已忽略）：<urlopen error [SSL: CERTIFICATE_VERIFY_FAILED] certificate verify failed: self-signed certificate in certificate chain (_ssl.c:1082)>
[2026-10-06 18:36:10] 来源 中国政府网·政策文件库（高龄津贴） 抓取失败（已忽略）：<urlopen error [SSL: CERTIFICATE_VERIFY_FAILED] certificate verify failed: self-signed certificate in certificate chain (_ssl.c:1082)>
[2026-10-06 18:36:10] 来源 民政部官网（养老服务司公告） 抓取失败（已忽略）：<urlopen error [SSL: CERTIFICATE_VERIFY_FAILED] certificate verify failed: self-signed certificate in certificate chain (_ssl.c:1082)>
[2026-10-06 18:36:10] 未发现新政策，版本保持不变
[2026-10-06 18:36:10] HTTP "GET /policies HTTP/1.1" 200 -
[2026-10-06 18:36:39] HTTP "GET / HTTP/1.1" 200 -
[2026-10-06 18:36:40] HTTP "GET /policies HTTP/1.1" 200 -
[2026-10-06 18:36:55] HTTP "GET /solar-system/ HTTP/1.1" 404 -
[2026-10-06 18:40:51] HTTP "GET /policies HTTP/1.1" 200 -
[2026-10-06 18:42:37] 来源 中国政府网·政策文件库（养老服务消费补贴） 抓取失败（已忽略）：<urlopen error [SSL: CERTIFICATE_VERIFY_FAILED] certificate verify failed: self-signed certificate in certificate chain (_ssl.c:1082)>
[2026-10-06 18:42:37] 来源 中国政府网·政策文件库（适老化改造补贴） 抓取失败（已忽略）：<urlopen error [SSL: CERTIFICATE_VERIFY_FAILED] certificate verify failed: self-signed certificate in certificate chain (_ssl.c:1082)>
[2026-10-06 18:42:37] 来源 中国政府网·政策文件库（高龄津贴） 抓取失败（已忽略）：<urlopen error [SSL: CERTIFICATE_VERIFY_FAILED] certificate verify failed: self-signed certificate in certificate chain (_ssl.c:1082)>
[2026-10-06 18:42:37] 来源 民政部官网（养老服务司公告） 抓取失败（已忽略）：<urlopen error [SSL: CERTIFICATE_VERIFY_FAILED] certificate verify failed: self-signed certificate in certificate chain (_ssl.c:1082)>
[2026-10-06 18:42:37] 未发现新政策，版本保持不变
[2026-10-06 18:47:42] HTTP "GET /policies HTTP/1.1" 200 -
[2026-10-06 18:57:57] 来源 中国政府网·政策文件库（养老服务消费补贴） 抓取失败（已忽略）：<urlopen error [SSL: CERTIFICATE_VERIFY_FAILED] certificate verify failed: self-signed certificate in certificate chain (_ssl.c:1082)>
[2026-10-06 18:57:58] 来源 中国政府网·政策文件库（适老化改造补贴） 抓取失败（已忽略）：<urlopen error [SSL: CERTIFICATE_VERIFY_FAILED] certificate verify failed: self-signed certificate in certificate chain (_ssl.c:1082)>
[2026-10-06 18:57:58] 来源 中国政府网·政策文件库（高龄津贴） 抓取失败（已忽略）：<urlopen error [SSL: CERTIFICATE_VERIFY_FAILED] certificate verify failed: self-signed certificate in certificate chain (_ssl.c:1082)>
[2026-10-06 18:57:58] 来源 民政部官网（养老服务司公告） 抓取失败（已忽略）：<urlopen error [SSL: CERTIFICATE_VERIFY_FAILED] certificate verify failed: self-signed certificate in certificate chain (_ssl.c:1082)>
[2026-10-06 18:57:58] 未发现新政策，版本保持不变
[2026-10-06 18:57:58] HTTP "GET /policies HTTP/1.1" 200 -
[2026-10-06 19:02:48] HTTP "GET /policies HTTP/1.1" 200 -
[2026-10-06 19:04:22] HTTP "GET /policies HTTP/1.1" 200 -
[2026-10-06 19:04:32] HTTP "GET /policies HTTP/1.1" 200 -
[2026-10-06 19:05:17] HTTP "GET /policies HTTP/1.1" 200 -
[2026-10-06 19:12:31] 来源 中国政府网·政策文件库（养老服务消费补贴） 抓取失败（已忽略）：<urlopen error [SSL: CERTIFICATE_VERIFY_FAILED] certificate verify failed: self-signed certificate in certificate chain (_ssl.c:1082)>
[2026-10-06 19:12:31] 来源 中国政府网·政策文件库（适老化改造补贴） 抓取失败（已忽略）：<urlopen error [SSL: CERTIFICATE_VERIFY_FAILED] certificate verify failed: self-signed certificate in certificate chain (_ssl.c:1082)>
[2026-10-06 19:12:31] 来源 中国政府网·政策文件库（高龄津贴） 抓取失败（已忽略）：<urlopen error [SSL: CERTIFICATE_VERIFY_FAILED] certificate verify failed: self-signed certificate in certificate chain (_ssl.c:1082)>
[2026-10-06 19:12:31] 来源 民政部官网（养老服务司公告） 抓取失败（已忽略）：<urlopen error [SSL: CERTIFICATE_VERIFY_FAILED] certificate verify failed: self-signed certificate in certificate chain (_ssl.c:1082)>
[2026-10-06 19:12:31] 未发现新政策，版本保持不变
[2026-10-06 19:12:31] HTTP "GET /policies HTTP/1.1" 200 -
[2026-10-06 19:12:37] 来源 中国政府网·政策文件库（养老服务消费补贴） 抓取失败（已忽略）：<urlopen error [SSL: CERTIFICATE_VERIFY_FAILED] certificate verify failed: self-signed certificate in certificate chain (_ssl.c:1082)>
[2026-10-06 19:12:38] 来源 中国政府网·政策文件库（适老化改造补贴） 抓取失败（已忽略）：<urlopen error [SSL: CERTIFICATE_VERIFY_FAILED] certificate verify failed: self-signed certificate in certificate chain (_ssl.c:1082)>
[2026-10-06 19:12:38] 来源 中国政府网·政策文件库（高龄津贴） 抓取失败（已忽略）：<urlopen error [SSL: CERTIFICATE_VERIFY_FAILED] certificate verify failed: self-signed certificate in certificate chain (_ssl.c:1082)>
[2026-10-06 19:12:38] 来源 民政部官网（养老服务司公告） 抓取失败（已忽略）：<urlopen error [SSL: CERTIFICATE_VERIFY_FAILED] certificate verify failed: self-signed certificate in certificate chain (_ssl.c:1082)>
[2026-10-06 19:12:38] 未发现新政策，版本保持不变
[2026-10-06 19:40:49] 来源 中国政府网·政策文件库（养老服务消费补贴） 抓取失败（已忽略）：<urlopen error [SSL: CERTIFICATE_VERIFY_FAILED] certificate verify failed: self-signed certificate in certificate chain (_ssl.c:1082)>
[2026-10-06 19:40:49] 来源 中国政府网·政策文件库（适老化改造补贴） 抓取失败（已忽略）：<urlopen error [SSL: CERTIFICATE_VERIFY_FAILED] certificate verify failed: self-signed certificate in certificate chain (_ssl.c:1082)>
[2026-10-06 19:40:49] 来源 中国政府网·政策文件库（高龄津贴） 抓取失败（已忽略）：<urlopen error [SSL: CERTIFICATE_VERIFY_FAILED] certificate verify failed: self-signed certificate in certificate chain (_ssl.c:1082)>
[2026-10-06 19:40:49] 来源 民政部官网（养老服务司公告） 抓取失败（已忽略）：<urlopen error [SSL: CERTIFICATE_VERIFY_FAILED] certificate verify failed: self-signed certificate in certificate chain (_ssl.c:1082)>
[2026-10-06 19:40:49] 未发现新政策，版本保持不变
[2026-10-06 19:40:49] HTTP "GET /policies HTTP/1.1" 200 -
[2026-10-06 19:41:04] HTTP "GET /policies HTTP/1.1" 200 -
[2026-10-06 19:42:02] HTTP "GET /policies HTTP/1.1" 200 -
[2026-10-06 19:42:38] 来源 中国政府网·政策文件库（养老服务消费补贴） 抓取失败（已忽略）：<urlopen error [SSL: CERTIFICATE_VERIFY_FAILED] certificate verify failed: self-signed certificate in certificate chain (_ssl.c:1082)>
[2026-10-06 19:42:38] 来源 中国政府网·政策文件库（适老化改造补贴） 抓取失败（已忽略）：<urlopen error [SSL: CERTIFICATE_VERIFY_FAILED] certificate verify failed: self-signed certificate in certificate chain (_ssl.c:1082)>
[2026-10-06 19:42:38] 来源 中国政府网·政策文件库（高龄津贴） 抓取失败（已忽略）：<urlopen error [SSL: CERTIFICATE_VERIFY_FAILED] certificate verify failed: self-signed certificate in certificate chain (_ssl.c:1082)>
[2026-10-06 19:42:38] 来源 民政部官网（养老服务司公告） 抓取失败（已忽略）：<urlopen error [SSL: CERTIFICATE_VERIFY_FAILED] certificate verify failed: self-signed certificate in certificate chain (_ssl.c:1082)>
[2026-10-06 19:42:38] 未发现新政策，版本保持不变
[2026-10-06 19:43:13] HTTP "GET /policies HTTP/1.1" 200 -
[2026-10-06 19:43:59] HTTP "GET /policies HTTP/1.1" 200 -
